// Jest Snapshot v1, https://goo.gl/fbAQLP

exports[`<SVG /> should render SVG 1`] = `"<styled.div cacheGetRequests={true} src=\\"/test.svg\\" />"`;
